// Jest Snapshot v1, https://goo.gl/fbAQLP

exports[`01 Simple @beta and @internal extraction 1`] = `
Object {
  "docComment": Object {
    "kind": "Comment",
    "nodes": Array [
      Object {
        "kind": "Section",
        "nodes": Array [
          Object {
            "kind": "PlainText",
            "nodePrefix": "START ",
          },
          Object {
            "kind": "SoftBreak",
            "nodePrefix": "[n]",
          },
          Object {
            "kind": "PlainText",
            "nodePrefix": " ",
          },
          Object {
            "kind": "PlainText",
            "nodePrefix": " END",
          },
          Object {
            "kind": "SoftBreak",
            "nodePrefix": "[n]",
          },
        ],
      },
      Object {
        "kind": "BlockTag",
        "nodePrefix": "@beta",
      },
      Object {
        "kind": "BlockTag",
        "nodePrefix": "@internal",
      },
    ],
  },
  "lines": Array [
    "START @beta",
    "@internal @internal END",
  ],
}
`;
